mode: atomic
example.com/consumer/internal/playerid/example.go:29.2,30.19 2 19
example.com/consumer/internal/playerid/example.go:31.3,32.1 1 4
example.com/consumer/internal/playerid/example.go:33.2,33.42 1 15
example.com/consumer/internal/playerid/example.go:34.3,35.1 1 4
example.com/consumer/internal/playerid/example.go:36.2,36.49 1 11
example.com/consumer/internal/playerid/example.go:37.3,38.1 1 3
example.com/consumer/internal/playerid/example.go:40.2,41.18 2 8
example.com/consumer/internal/playerid/example.go:42.3,43.1 1 2
example.com/consumer/internal/playerid/example.go:44.2,44.28 1 8
example.com/consumer/internal/playerid/example.go:45.3,46.1 1 7
example.com/consumer/internal/playerid/example.go:47.2,47.34 1 8
example.com/consumer/internal/playerid/example.go:51.37,51.50 1 11
example.com/consumer/internal/playerid/example.go:54.35,54.54 1 16
example.com/consumer/internal/playerid/example.go:58.2,58.16 1 2
example.com/consumer/internal/playerid/example.go:59.3,60.1 1 1
example.com/consumer/internal/playerid/example.go:61.2,61.27 1 1
example.com/consumer/internal/playerid/example.go:67.2,68.49 2 5
example.com/consumer/internal/playerid/example.go:69.3,70.1 1 1
example.com/consumer/internal/playerid/example.go:71.2,72.16 2 4
example.com/consumer/internal/playerid/example.go:73.3,74.1 1 3
example.com/consumer/internal/playerid/example.go:75.2,76.12 2 1
example.com/consumer/internal/schema/example.go:30.2,32.41 3 14
example.com/consumer/internal/schema/example.go:33.3,34.1 1 5
example.com/consumer/internal/schema/example.go:35.2,35.16 1 9
example.com/consumer/internal/schema/example.go:36.3,37.1 1 2
example.com/consumer/internal/schema/example.go:38.2,39.46 2 7
example.com/consumer/internal/schema/example.go:40.3,40.17 1 4
example.com/consumer/internal/schema/example.go:41.4,42.1 1 1
example.com/consumer/internal/schema/example.go:43.3,43.71 1 3
example.com/consumer/internal/schema/example.go:45.2,45.18 1 3
example.com/consumer/internal/schema/example.go:52.2,52.35 1 18
example.com/consumer/internal/schema/example.go:53.3,54.1 1 1
example.com/consumer/internal/schema/example.go:55.2,56.32 2 17
example.com/consumer/internal/schema/example.go:57.3,58.1 1 4
example.com/consumer/internal/schema/example.go:59.2,59.44 1 13
example.com/consumer/internal/schema/example.go:60.3,61.1 1 0
example.com/consumer/internal/schema/example.go:62.2,62.37 1 13
example.com/consumer/internal/schema/example.go:63.3,64.1 1 1
example.com/consumer/internal/schema/example.go:65.2,65.41 1 12
example.com/consumer/internal/schema/example.go:66.3,67.1 1 1
example.com/consumer/internal/schema/example.go:72.2,72.39 1 11
example.com/consumer/internal/schema/example.go:73.3,74.17 2 8
example.com/consumer/internal/schema/example.go:75.4,76.1 1 2
example.com/consumer/internal/schema/example.go:77.3,77.50 1 6
example.com/consumer/internal/schema/example.go:78.4,79.1 1 2
example.com/consumer/internal/schema/example.go:81.2,81.12 1 7
